------------------------------------------------------------
TimeQuest Timing Analyzer Summary
------------------------------------------------------------

Type  : Slow 1100mV 85C Model Setup 'clock_divider:instance_1|clk_25'
Slack : -1.955
TNS   : -62.362

Type  : Slow 1100mV 85C Model Setup 'clock_builtin_50MHZ'
Slack : 0.174
TNS   : 0.000

Type  : Slow 1100mV 85C Model Hold 'clock_builtin_50MHZ'
Slack : -1.940
TNS   : -1.940

Type  : Slow 1100mV 85C Model Hold 'clock_divider:instance_1|clk_25'
Slack : 0.509
TNS   : 0.000

Type  : Slow 1100mV 85C Model Minimum Pulse Width 'clock_builtin_50MHZ'
Slack : -0.819
TNS   : -1.408

Type  : Slow 1100mV 85C Model Minimum Pulse Width 'clock_divider:instance_1|clk_25'
Slack : -0.394
TNS   : -17.948

Type  : Slow 1100mV 0C Model Setup 'clock_divider:instance_1|clk_25'
Slack : -2.040
TNS   : -62.210

Type  : Slow 1100mV 0C Model Setup 'clock_builtin_50MHZ'
Slack : -0.190
TNS   : -0.190

Type  : Slow 1100mV 0C Model Hold 'clock_builtin_50MHZ'
Slack : -1.524
TNS   : -1.524

Type  : Slow 1100mV 0C Model Hold 'clock_divider:instance_1|clk_25'
Slack : 0.498
TNS   : 0.000

Type  : Slow 1100mV 0C Model Minimum Pulse Width 'clock_builtin_50MHZ'
Slack : -0.857
TNS   : -1.509

Type  : Slow 1100mV 0C Model Minimum Pulse Width 'clock_divider:instance_1|clk_25'
Slack : -0.394
TNS   : -18.015

Type  : Fast 1100mV 85C Model Setup 'clock_divider:instance_1|clk_25'
Slack : -0.744
TNS   : -24.789

Type  : Fast 1100mV 85C Model Setup 'clock_builtin_50MHZ'
Slack : -0.363
TNS   : -0.363

Type  : Fast 1100mV 85C Model Hold 'clock_builtin_50MHZ'
Slack : -0.754
TNS   : -0.754

Type  : Fast 1100mV 85C Model Hold 'clock_divider:instance_1|clk_25'
Slack : 0.223
TNS   : 0.000

Type  : Fast 1100mV 85C Model Minimum Pulse Width 'clock_builtin_50MHZ'
Slack : -0.749
TNS   : -1.150

Type  : Fast 1100mV 85C Model Minimum Pulse Width 'clock_divider:instance_1|clk_25'
Slack : 0.125
TNS   : 0.000

Type  : Fast 1100mV 0C Model Setup 'clock_divider:instance_1|clk_25'
Slack : -0.672
TNS   : -21.860

Type  : Fast 1100mV 0C Model Setup 'clock_builtin_50MHZ'
Slack : -0.472
TNS   : -0.472

Type  : Fast 1100mV 0C Model Hold 'clock_builtin_50MHZ'
Slack : -0.568
TNS   : -0.568

Type  : Fast 1100mV 0C Model Hold 'clock_divider:instance_1|clk_25'
Slack : 0.198
TNS   : 0.000

Type  : Fast 1100mV 0C Model Minimum Pulse Width 'clock_builtin_50MHZ'
Slack : -0.740
TNS   : -1.140

Type  : Fast 1100mV 0C Model Minimum Pulse Width 'clock_divider:instance_1|clk_25'
Slack : 0.126
TNS   : 0.000

------------------------------------------------------------
