------------------------------------------------------------
TimeQuest Timing Analyzer Summary
------------------------------------------------------------

Type  : Slow 1100mV 85C Model Setup 'clock_builtin_50MHZ'
Slack : -6.396
TNS   : -1741.856

Type  : Slow 1100mV 85C Model Setup 'clock_divider:instance_1|clk_25'
Slack : -2.179
TNS   : -57.154

Type  : Slow 1100mV 85C Model Hold 'clock_builtin_50MHZ'
Slack : -1.087
TNS   : -1.087

Type  : Slow 1100mV 85C Model Hold 'clock_divider:instance_1|clk_25'
Slack : 0.688
TNS   : 0.000

Type  : Slow 1100mV 85C Model Minimum Pulse Width 'clock_builtin_50MHZ'
Slack : -2.225
TNS   : -429.448

Type  : Slow 1100mV 85C Model Minimum Pulse Width 'clock_divider:instance_1|clk_25'
Slack : -0.394
TNS   : -14.885

Type  : Slow 1100mV 0C Model Setup 'clock_builtin_50MHZ'
Slack : -6.471
TNS   : -1710.607

Type  : Slow 1100mV 0C Model Setup 'clock_divider:instance_1|clk_25'
Slack : -2.245
TNS   : -57.928

Type  : Slow 1100mV 0C Model Hold 'clock_builtin_50MHZ'
Slack : -0.917
TNS   : -0.917

Type  : Slow 1100mV 0C Model Hold 'clock_divider:instance_1|clk_25'
Slack : 0.656
TNS   : 0.000

Type  : Slow 1100mV 0C Model Minimum Pulse Width 'clock_builtin_50MHZ'
Slack : -2.225
TNS   : -446.844

Type  : Slow 1100mV 0C Model Minimum Pulse Width 'clock_divider:instance_1|clk_25'
Slack : -0.394
TNS   : -14.849

Type  : Fast 1100mV 85C Model Setup 'clock_builtin_50MHZ'
Slack : -3.487
TNS   : -899.126

Type  : Fast 1100mV 85C Model Setup 'clock_divider:instance_1|clk_25'
Slack : -0.970
TNS   : -23.630

Type  : Fast 1100mV 85C Model Hold 'clock_builtin_50MHZ'
Slack : -0.477
TNS   : -0.477

Type  : Fast 1100mV 85C Model Hold 'clock_divider:instance_1|clk_25'
Slack : 0.315
TNS   : 0.000

Type  : Fast 1100mV 85C Model Minimum Pulse Width 'clock_builtin_50MHZ'
Slack : -1.702
TNS   : -195.464

Type  : Fast 1100mV 85C Model Minimum Pulse Width 'clock_divider:instance_1|clk_25'
Slack : 0.125
TNS   : 0.000

Type  : Fast 1100mV 0C Model Setup 'clock_builtin_50MHZ'
Slack : -3.199
TNS   : -795.914

Type  : Fast 1100mV 0C Model Setup 'clock_divider:instance_1|clk_25'
Slack : -0.879
TNS   : -21.211

Type  : Fast 1100mV 0C Model Hold 'clock_builtin_50MHZ'
Slack : -0.502
TNS   : -0.502

Type  : Fast 1100mV 0C Model Hold 'clock_divider:instance_1|clk_25'
Slack : 0.268
TNS   : 0.000

Type  : Fast 1100mV 0C Model Minimum Pulse Width 'clock_builtin_50MHZ'
Slack : -1.702
TNS   : -194.737

Type  : Fast 1100mV 0C Model Minimum Pulse Width 'clock_divider:instance_1|clk_25'
Slack : 0.129
TNS   : 0.000

------------------------------------------------------------
